MPLINK 4.30.01, Linker
Linker Map File - Created Sun Nov 10 18:01:24 2024

                                 Section Info
                  Section       Type    Address   Location Size(Bytes)
                ---------  ---------  ---------  ---------  ---------
                   .org_0       code   0x000000    program   0x000004
                   .cinit    romdata   0x000004    program   0x000002
                   .org_1       code   0x001000    program   0x000066
   .config_300000_FORMA.O    romdata   0x300000    program   0x000001
   .config_300001_FORMA.O    romdata   0x300001    program   0x000001
   .config_300002_FORMA.O    romdata   0x300002    program   0x000001
   .config_300003_FORMA.O    romdata   0x300003    program   0x000001
   .config_300005_FORMA.O    romdata   0x300005    program   0x000001
   .config_300006_FORMA.O    romdata   0x300006    program   0x000001
   .config_300008_FORMA.O    romdata   0x300008    program   0x000001
   .config_300009_FORMA.O    romdata   0x300009    program   0x000001
   .config_30000A_FORMA.O    romdata   0x30000a    program   0x000001
   .config_30000B_FORMA.O    romdata   0x30000b    program   0x000001
   .config_30000C_FORMA.O    romdata   0x30000c    program   0x000001
   .config_30000D_FORMA.O    romdata   0x30000d    program   0x000001



                              Program Memory Usage 
                               Start         End      
                           ---------   ---------      
                            0x000000    0x000005      
                            0x001000    0x001065      
                            0x300000    0x300003      
                            0x300005    0x300006      
                            0x300008    0x30000d      
            120 out of 33048 program addresses used, program memory utilization is 0%



                              Symbols - Sorted by Name
                     Name    Address   Location    Storage File                     
                ---------  ---------  ---------  --------- ---------                
                     Cdac   0x001028    program     static C:\Users\ismae\OneDrive\Documentos\MPLAB-Practicas-PIC18F4550\Practica6\FORMA.asm
                 Cpuertos   0x00101a    program     static C:\Users\ismae\OneDrive\Documentos\MPLAB-Practicas-PIC18F4550\Practica6\FORMA.asm
                     Desp   0x001016    program     static C:\Users\ismae\OneDrive\Documentos\MPLAB-Practicas-PIC18F4550\Practica6\FORMA.asm
                 Division   0x00104c    program     static C:\Users\ismae\OneDrive\Documentos\MPLAB-Practicas-PIC18F4550\Practica6\FORMA.asm
                   INICIO   0x001000    program     static C:\Users\ismae\OneDrive\Documentos\MPLAB-Practicas-PIC18F4550\Practica6\FORMA.asm
                     Leer   0x001036    program     static C:\Users\ismae\OneDrive\Documentos\MPLAB-Practicas-PIC18F4550\Practica6\FORMA.asm
             RESET_VECTOR   0x000000    program     static C:\Users\ismae\OneDrive\Documentos\MPLAB-Practicas-PIC18F4550\Practica6\FORMA.asm
                     etq1   0x001008    program     static C:\Users\ismae\OneDrive\Documentos\MPLAB-Practicas-PIC18F4550\Practica6\FORMA.asm
                     etqa   0x001050    program     static C:\Users\ismae\OneDrive\Documentos\MPLAB-Practicas-PIC18F4550\Practica6\FORMA.asm



                              Symbols - Sorted by Address
                     Name    Address   Location    Storage File                     
                ---------  ---------  ---------  --------- ---------                
             RESET_VECTOR   0x000000    program     static C:\Users\ismae\OneDrive\Documentos\MPLAB-Practicas-PIC18F4550\Practica6\FORMA.asm
                   INICIO   0x001000    program     static C:\Users\ismae\OneDrive\Documentos\MPLAB-Practicas-PIC18F4550\Practica6\FORMA.asm
                     etq1   0x001008    program     static C:\Users\ismae\OneDrive\Documentos\MPLAB-Practicas-PIC18F4550\Practica6\FORMA.asm
                     Desp   0x001016    program     static C:\Users\ismae\OneDrive\Documentos\MPLAB-Practicas-PIC18F4550\Practica6\FORMA.asm
                 Cpuertos   0x00101a    program     static C:\Users\ismae\OneDrive\Documentos\MPLAB-Practicas-PIC18F4550\Practica6\FORMA.asm
                     Cdac   0x001028    program     static C:\Users\ismae\OneDrive\Documentos\MPLAB-Practicas-PIC18F4550\Practica6\FORMA.asm
                     Leer   0x001036    program     static C:\Users\ismae\OneDrive\Documentos\MPLAB-Practicas-PIC18F4550\Practica6\FORMA.asm
                 Division   0x00104c    program     static C:\Users\ismae\OneDrive\Documentos\MPLAB-Practicas-PIC18F4550\Practica6\FORMA.asm
                     etqa   0x001050    program     static C:\Users\ismae\OneDrive\Documentos\MPLAB-Practicas-PIC18F4550\Practica6\FORMA.asm


